// Jest Snapshot v1, https://goo.gl/fbAQLP

exports[`NotFound Component should matches snapshot 1`] = `
<span
  className="row"
>
  <span
    className="col-12 d-flex align-items-center justify-content-center"
  >
    <img
      alt="Page Not Found Image"
      className="img-fluid"
      src="not-found.png"
    />
  </span>
</span>
`;

exports[`NotFound matches snapshot 1`] = `
<span
  className="row"
>
  <span
    className="col-12 d-flex align-items-center justify-content-center"
  >
    <img
      alt="Page Not Found Image"
      className="img-fluid"
      src="not-found.png"
    />
  </span>
</span>
`;
